// Jest Snapshot v1, https://goo.gl/fbAQLP

exports[`App snapshot test 1`] = `
<RCTSafeAreaView
  style={
    Object {
      "backgroundColor": "#ffffff",
      "flex": 1,
    }
  }
>
  <View
    style={
      Object {
        "flex": 1,
      }
    }
  >
    <View
      onMoveShouldSetResponder={[Function]}
      onMoveShouldSetResponderCapture={[Function]}
      onResponderEnd={[Function]}
      onResponderGrant={[Function]}
      onResponderMove={[Function]}
      onResponderReject={[Function]}
      onResponderRelease={[Function]}
      onResponderStart={[Function]}
      onResponderTerminate={[Function]}
      onResponderTerminationRequest={[Function]}
      onStartShouldSetResponder={[Function]}
      onStartShouldSetResponderCapture={[Function]}
      style={
        Object {
          "height": 1214,
          "padding": 10,
          "position": "absolute",
          "transform": Array [
            Object {
              "rotate": "0deg",
            },
            Object {
              "translateX": 0,
            },
            Object {
              "translateY": 0,
            },
          ],
          "width": 750,
        }
      }
    >
      <View
        style={
          Array [
            Object {
              "borderRadius": 10,
              "flex": 1,
            },
            Object {
              "backgroundColor": "#fdc830",
            },
          ]
        }
      />
    </View>
  </View>
</RCTSafeAreaView>
`;
